Microchip MPLAB XC8 Compiler V1.32 ()

Linker command line:

--edf=C:\Program Files (x86)\Microchip\xc8\v1.32\dat\en_msgs.txt -cs \
  -h+dist/default/production\magicwand.X.production.sym \
  --cmf=dist/default/production\magicwand.X.production.cmf -z -Q16F72 \
  -oC:\Users\KIRANT~1\AppData\Local\Temp\s3m4.6 \
  -Mdist/default/production/magicwand.X.production.map -E1 -ver=XC8 \
  -ASTACK=020h-03fh -pstack=STACK -ACONST=00h-0FFhx8 -ACODE=00h-07FFh \
  -ASTRCODE=00h-07FFh -AENTRY=00h-0FFhx8 -ASTRING=00h-0FFhx8 \
  -ACOMMON=040h-07Fh -ABANK0=020h-03Fh -ABANK1=0A0h-0BFh \
  -ARAM=020h-03Fh,0A0h-0BFh -AABS1=020h-07Fh,0A0h-0BFh -ASFR0=00h-01Fh \
  -ASFR1=080h-09Fh -ASFR2=0100h-013Fh -ASFR3=0180h-01BFh \
  -preset_vec=00h,intentry,init,end_init -ppowerup=CODE -pcinit=CODE \
  -pfunctab=CODE -ACONFIG=02007h-02007h -pconfig=CONFIG -DCONFIG=2 \
  -AIDLOC=02000h-02003h -pidloc=IDLOC -DIDLOC=2 -DCODE=2 -DSTRCODE=2 \
  -DSTRING=2 -DCONST=2 -DENTRY=2 -k \
  C:\Users\KIRANT~1\AppData\Local\Temp\s3m4.obj \
  dist/default/production\magicwand.X.production.obj 

Object code version is 3.11

Machine type is 16F72



                Name                               Link     Load   Length Selector   Space Scale
C:\Users\KIRANT~1\AppData\Local\Temp\s3m4.obj
                end_init                              0        0        1        0       0
                config                             2007     2007        1     400E       0
dist/default/production\magicwand.X.production.obj
                cinit                               7FA      7FA        6      FF4       0
                text5                               55F      55F       26      ABE       0
                text4                               53C      53C       23      A78       0
                text3                               537      537        5      A6E       0
                text2                               5B9      5B9       47      B72       0
                text1                               77A      77A       75      EF4       0
                maintext                            585      585       34      B0A       0
                cstackCOMMON                         5F       5F       1B       40       1
                clrtext                             7EF      7EF        8      EF4       0
                bssCOMMON                            40       40       1F       40       1
                nvCOMMON                             7A       7A        1       40       1
                stringtext                          600      600      17A        C       0

TOTAL           Name                               Link     Load   Length     Space
        CLASS   STACK          

        CLASS   CONST          

        CLASS   CODE           
                end_init                              0        0        1         0
                cinit                               7FA      7FA        6         0
                text5                               55F      55F       26         0
                text4                               53C      53C       23         0
                text3                               537      537        5         0
                text2                               5B9      5B9       47         0
                text1                               77A      77A       75         0
                maintext                            585      585       34         0
                clrtext                             7EF      7EF        8         0

        CLASS   STRCODE        
                stringtext                          600      600      17A         0

        CLASS   ENTRY          

        CLASS   STRING         

        CLASS   COMMON         
                cstackCOMMON                         5F       5F       1B         1
                bssCOMMON                            40       40       1F         1
                nvCOMMON                             7A       7A        1         1

        CLASS   BANK0          

        CLASS   BANK1          

        CLASS   RAM            

        CLASS   ABS1           
                abs_s1                               7E       7E        2         1

        CLASS   SFR0           

        CLASS   SFR1           

        CLASS   SFR2           

        CLASS   SFR3           

        CLASS   CONFIG         
                config                             2007     2007        1         0

        CLASS   IDLOC          

        CLASS   BANK3          

        CLASS   BANK2          

        CLASS   EEDATA         



SEGMENTS        Name                           Load    Length   Top    Selector   Space  Class     Delta

                reset_vec                      000000  000001  000001         0       0  CODE        2
                bssCOMMON                      000040  00003B  00007B        40       1  COMMON      1
                text3                          000537  000005  00053C       A6E       0  CODE        2
                text4                          00053C  000023  00055F       A78       0  CODE        2
                text5                          00055F  000026  000585       ABE       0  CODE        2
                maintext                       000585  000034  0005B9       B0A       0  CODE        2
                text2                          0005B9  000047  000600       B72       0  CODE        2
                stringtext                     000600  00017A  00077A         C       0  STRCODE     2
                text1                          00077A  00007D  0007F7       EF4       0  CODE        2
                cinit                          0007FA  000006  000800       FF4       0  CODE        2
                config                         002007  000001  002008      400E       0  CONFIG      2


UNUSED ADDRESS RANGES

        Name                Unused          Largest block    Delta
        BANK0            0020-003F             20           1
        BANK1            00A0-00BF             20           1
        CODE             0001-0536            536           2
                         07F7-07F9              3
        COMMON           007B-007D              3           1
        CONST            0001-0536            100           2
                         07F7-07F9              3
        ENTRY            0001-0536            100           2
                         07F7-07F9              3
        IDLOC            2000-2003              4           2
        RAM              0020-003F             20           1
                         00A0-00BF             20
        SFR0             0000-001F             20           1
        SFR1             0080-009F             20           1
        SFR2             0100-013F             40           1
        SFR3             0180-01BF             40           1
        STACK            0020-003F             20           1
        STRCODE          0001-0536            536           2
                         07F7-07F9              3
        STRING           0001-0536            100           2
                         07F7-07F9              3

                                  Symbol Table

?___wmul                 cstackCOMMON 0060
_ADCON1                  (abs)        009F
_PORTB                   (abs)        0006
_RA0                     (abs)        0028
_TRISA                   (abs)        0085
_TRISC                   (abs)        0087
__CFG_BOREN$OFF          (abs)        0000
__CFG_CP$OFF             (abs)        0000
__CFG_FOSC$HS            (abs)        0000
__CFG_PWRTE$OFF          (abs)        0000
__CFG_WDTE$OFF           (abs)        0000
__Habs1                  abs1         0000
__Hbank0                 bank0        0000
__Hbank1                 bank1        0000
__Hbank2                 bank2        0000
__Hbank3                 bank3        0000
__HbssCOMMON             bssCOMMON    0000
__Hcinit                 cinit        0800
__Hclrtext               clrtext      0000
__Hcode                  code         0000
__Hcommon                common       0000
__Hconfig                config       2008
__HcstackCOMMON          cstackCOMMON 0000
__Heeprom_data           eeprom_data  0000
__Hend_init              end_init     0001
__Hfunctab               functab      0000
__Hidloc                 idloc        0000
__Hinit                  init         0000
__Hintentry              intentry     0000
__Hmaintext              maintext     0000
__HnvCOMMON              nvCOMMON     0000
__Hpowerup               powerup      0000
__Hram                   ram          0000
__Hreset_vec             reset_vec    0000
__Hsfr0                  sfr0         0000
__Hsfr1                  sfr1         0000
__Hsfr2                  sfr2         0000
__Hsfr3                  sfr3         0000
__Hspace_0               (abs)        2008
__Hspace_1               (abs)        007B
__Hspace_2               (abs)        0000
__Hspace_3               (abs)        0000
__Hstack                 stack        0000
__Hstrings               strings      0000
__Hstringtext            stringtext   0000
__Htext                  text         0000
__Labs1                  abs1         0000
__Lbank0                 bank0        0000
__Lbank1                 bank1        0000
__Lbank2                 bank2        0000
__Lbank3                 bank3        0000
__LbssCOMMON             bssCOMMON    0000
__Lcinit                 cinit        07FA
__Lclrtext               clrtext      0000
__Lcode                  code         0000
__Lcommon                common       0000
__Lconfig                config       2007
__LcstackCOMMON          cstackCOMMON 0000
__Leeprom_data           eeprom_data  0000
__Lend_init              end_init     0000
__Lfunctab               functab      0000
__Lidloc                 idloc        0000
__Linit                  init         0000
__Lintentry              intentry     0000
__Lmaintext              maintext     0000
__LnvCOMMON              nvCOMMON     0000
__Lpowerup               powerup      0000
__Lram                   ram          0000
__Lreset_vec             reset_vec    0000
__Lsfr0                  sfr0         0000
__Lsfr1                  sfr1         0000
__Lsfr2                  sfr2         0000
__Lsfr3                  sfr3         0000
__Lspace_0               (abs)        0000
__Lspace_1               (abs)        0000
__Lspace_2               (abs)        0000
__Lspace_3               (abs)        0000
__Lstack                 stack        0000
__Lstrings               strings      0000
__Lstringtext            stringtext   0000
__Ltext                  text         0000
__S0                     (abs)        2008
__S1                     (abs)        007B
__S2                     (abs)        0000
___int_sp                stack        0000
___latbits               (abs)        0000
___sp                    stack        0000
___wmul                  text4        053C
___wmul@multiplicand     cstackCOMMON 0062
___wmul@multiplier       cstackCOMMON 0060
___wmul@product          cstackCOMMON 0064
__end_of___wmul          text4        055F
__end_of__initialization cinit        07FE
__end_of__stringtab      stringtext   0612
__end_of_ascii2font      text3        053C
__end_of_main            maintext     05B9
__end_of_matrixFont      stringtext   0774
__end_of_message         stringtext   077A
__end_of_run             text5        0585
__end_of_setUpBuffer     text1        07EF
__end_of_spread          text2        0600
__initialization         cinit        07FA
__pbssCOMMON             bssCOMMON    0040
__pcstackCOMMON          cstackCOMMON 005F
__pmaintext              maintext     0585
__pnvCOMMON              nvCOMMON     007A
__pstringtext            stringtext   0600
__ptext1                 text1        077A
__ptext2                 text2        05B9
__ptext3                 text3        0537
__ptext4                 text4        053C
__ptext5                 text5        055F
__size_of___wmul         (abs)        0000
__size_of_ascii2font     (abs)        0000
__size_of_main           (abs)        0000
__size_of_run            (abs)        0000
__size_of_setUpBuffer    (abs)        0000
__size_of_spread         (abs)        0000
__stringbase             stringtext   0612
__stringtab              stringtext   0600
_ascii2font              text3        0537
_buffer_length           bssCOMMON    005E
_display_buffer          bssCOMMON    0040
_display_length          nvCOMMON     007A
_main                    maintext     0585
_matrixFont              stringtext   0612
_message                 stringtext   0774
_run                     text5        055F
_setUpBuffer             text1        077A
_spread                  text2        05B9
ascii2font@ascii         cstackCOMMON 005F
btemp                    (abs)        007E
clear_ram0               clrtext      07EF
end_of_initialization    cinit        07FE
intlevel0                functab      0000
intlevel1                functab      0000
intlevel2                functab      0000
intlevel3                functab      0000
intlevel4                functab      0000
intlevel5                functab      0000
ltemp                    (abs)        007E
ltemp0                   (abs)        007E
ltemp1                   (abs)        0082
ltemp2                   (abs)        0086
ltemp3                   (abs)        0080
main@last_sensor         cstackCOMMON 0078
main@sensor              cstackCOMMON 0079
reset_vec                reset_vec    0000
run@i                    cstackCOMMON 0061
setUpBuffer@currentChar  cstackCOMMON 006D
setUpBuffer@j            cstackCOMMON 006F
spread@b                 cstackCOMMON 0063
stackhi                  (abs)        0000
stacklo                  (abs)        0000
start                    init         0000
start_initialization     cinit        07FA
ttemp                    (abs)        007E
ttemp0                   (abs)        007E
ttemp1                   (abs)        0081
ttemp2                   (abs)        0084
ttemp3                   (abs)        0087
ttemp4                   (abs)        007F
wtemp                    (abs)        007E
wtemp0                   (abs)        007E
wtemp1                   (abs)        0080
wtemp2                   (abs)        0082
wtemp3                   (abs)        0084
wtemp4                   (abs)        0086
wtemp5                   (abs)        0088
wtemp6                   (abs)        007F


FUNCTION INFORMATION:

 *************** function _main *****************
 Defined at:
		line 40 in file "magicwandmain.c"
 Parameters:    Size  Location     Type
  argc            2   18[COMMON] int 
  argv            2   20[COMMON] PTR PTR unsigned char 
 Auto vars:     Size  Location     Type
  sensor          1   26[COMMON] unsigned char 
  last_sensor     1   25[COMMON] unsigned char 
 Return value:  Size  Location     Type
                  2   18[COMMON] int 
 Registers used:
		wreg, fsr0l, fsr0h, status,2, status,0, btemp+1, pclath, cstack
 Tracked objects:
		On entry : 
		On exit  : 
		Unchanged: 
 Data sizes:     COMMON   BANK0   BANK1
      Params:         4       0       0
      Locals:         2       0       0
      Temps:          3       0       0
      Totals:         9       0       0
Total ram usage:        9 bytes
 Hardware stack levels required when called:    2
 This function calls:
		_run
		_setUpBuffer
 This function is called by:
		Startup code after reset
 This function uses a non-reentrant model


 *************** function _setUpBuffer *****************
 Defined at:
		line 64 in file "magicwandmain.c"
 Parameters:    Size  Location     Type
		None
 Auto vars:     Size  Location     Type
  j               2   16[COMMON] int 
  currentChar     2   14[COMMON] int 
 Return value:  Size  Location     Type
		None               void
 Registers used:
		wreg, fsr0l, fsr0h, status,2, status,0, btemp+1, pclath, cstack
 Tracked objects:
		On entry : 
		On exit  : 
		Unchanged: 
 Data sizes:     COMMON   BANK0   BANK1
      Params:         0       0       0
      Locals:         4       0       0
      Temps:          7       0       0
      Totals:        11       0       0
Total ram usage:       11 bytes
 Hardware stack levels used:    1
 Hardware stack levels required when called:    1
 This function calls:
		___wmul
		_ascii2font
		_spread
 This function is called by:
		_main
 This function uses a non-reentrant model


 *************** function _spread *****************
 Defined at:
		line 81 in file "magicwandmain.c"
 Parameters:    Size  Location     Type
  b               1    wreg     unsigned char 
 Auto vars:     Size  Location     Type
  b               1    4[COMMON] unsigned char 
 Return value:  Size  Location     Type
                  1    wreg      unsigned char 
 Registers used:
		wreg, status,2, status,0
 Tracked objects:
		On entry : 
		On exit  : 
		Unchanged: 
 Data sizes:     COMMON   BANK0   BANK1
      Params:         0       0       0
      Locals:         1       0       0
      Temps:          4       0       0
      Totals:         5       0       0
Total ram usage:        5 bytes
 Hardware stack levels used:    1
 This function calls:
		Nothing
 This function is called by:
		_setUpBuffer
 This function uses a non-reentrant model


 *************** function _ascii2font *****************
 Defined at:
		line 77 in file "magicwandmain.c"
 Parameters:    Size  Location     Type
  ascii           1    wreg     unsigned char 
 Auto vars:     Size  Location     Type
  ascii           1    0[COMMON] unsigned char 
 Return value:  Size  Location     Type
                  1    wreg      unsigned char 
 Registers used:
		wreg, status,2, status,0
 Tracked objects:
		On entry : 
		On exit  : 
		Unchanged: 
 Data sizes:     COMMON   BANK0   BANK1
      Params:         0       0       0
      Locals:         1       0       0
      Temps:          0       0       0
      Totals:         1       0       0
Total ram usage:        1 bytes
 Hardware stack levels used:    1
 This function calls:
		Nothing
 This function is called by:
		_setUpBuffer
 This function uses a non-reentrant model


 *************** function ___wmul *****************
 Defined at:
		line 15 in file "C:\Program Files (x86)\Microchip\xc8\v1.32\sources\common\Umul16.c"
 Parameters:    Size  Location     Type
  multiplier      2    1[COMMON] unsigned int 
  multiplicand    2    3[COMMON] unsigned int 
 Auto vars:     Size  Location     Type
  product         2    5[COMMON] unsigned int 
 Return value:  Size  Location     Type
                  2    1[COMMON] unsigned int 
 Registers used:
		wreg, status,2, status,0
 Tracked objects:
		On entry : 
		On exit  : 
		Unchanged: 
 Data sizes:     COMMON   BANK0   BANK1
      Params:         4       0       0
      Locals:         2       0       0
      Temps:          0       0       0
      Totals:         6       0       0
Total ram usage:        6 bytes
 Hardware stack levels used:    1
 This function calls:
		Nothing
 This function is called by:
		_setUpBuffer
 This function uses a non-reentrant model


 *************** function _run *****************
 Defined at:
		line 89 in file "magicwandmain.c"
 Parameters:    Size  Location     Type
		None
 Auto vars:     Size  Location     Type
  i               2    2[COMMON] int 
 Return value:  Size  Location     Type
		None               void
 Registers used:
		wreg, fsr0l, fsr0h, status,2, status,0
 Tracked objects:
		On entry : 
		On exit  : 
		Unchanged: 
 Data sizes:     COMMON   BANK0   BANK1
      Params:         0       0       0
      Locals:         2       0       0
      Temps:          2       0       0
      Totals:         4       0       0
Total ram usage:        4 bytes
 Hardware stack levels used:    1
 This function calls:
		Nothing
 This function is called by:
		_main
 This function uses a non-reentrant model



MODULE INFORMATION

Module		Function		Class		Link	Load	Size
magicwandmain.c
		_setUpBuffer   		CODE           	077A	0000	117
		_main          		CODE           	0585	0000	52
		_ascii2font    		CODE           	0537	0000	5
		_spread        		CODE           	05B9	0000	71
		_run           		CODE           	055F	0000	38

magicwandmain.c estimated size: 283

C:\Program Files (x86)\Microchip\xc8\v1.32\sources\common\Umul16.c
		___wmul        		CODE           	053C	0000	35

C:\Program Files (x86)\Microchip\xc8\v1.32\sources\common\Umul16.c estimated size: 35

shared
		__stringtab    		STRCODE        	0600	0000	18
		__initializatio		CODE           	07FA	0000	4
		_matrixFont    		STRCODE        	0612	0000	354
		_message       		STRCODE        	0774	0000	6

shared estimated size: 382

