Microchip MPLAB XC8 Compiler V1.32 ()

Linker command line:

--edf=C:\Program Files (x86)\Microchip\xc8\v1.32\dat\en_msgs.txt -cs \
  -h+dist/default/production\new628a.X.production.sym \
  --cmf=dist/default/production\new628a.X.production.cmf -z -Q16F628A \
  -oC:\Users\KIRANT~1\AppData\Local\Temp\s910.6 \
  -Mdist/default/production/new628a.X.production.map -E1 -ver=XC8 \
  -ASTACK=02Dh-06fh -pstack=STACK -ACONST=00h-0FFhx8 -ACODE=00h-07FFh \
  -ASTRCODE=00h-07FFh -AENTRY=00h-0FFhx8 -ASTRING=00h-0FFhx8 \
  -ACOMMON=070h-07Fh -ABANK0=020h-06Fh -ABANK1=0A0h-0EFh \
  -ABANK2=0120h-014Fh -ARAM=020h-06Fh,0A0h-0EFh,0120h-014Fh \
  -AABS1=020h-07Fh,0A0h-0EFh,0120h-014Fh -ASFR0=00h-01Fh -ASFR1=080h-09Fh \
  -ASFR2=0100h-011Fh -ASFR3=0180h-01EFh \
  -preset_vec=00h,intentry,init,end_init -ppowerup=CODE -pcinit=CODE \
  -pfunctab=CODE -ACONFIG=02007h-02007h -pconfig=CONFIG -DCONFIG=2 \
  -AIDLOC=02000h-02003h -pidloc=IDLOC -DIDLOC=2 -AEEDATA=00h-07Fh/02100h \
  -peeprom_data=EEDATA -DEEDATA=2 -DCODE=2 -DSTRCODE=2 -DSTRING=2 -DCONST=2 \
  -DENTRY=2 -k C:\Users\KIRANT~1\AppData\Local\Temp\s910.obj \
  dist/default/production\new628a.X.production.obj 

Object code version is 3.11

Machine type is 16F628A



                Name                               Link     Load   Length Selector   Space Scale
C:\Users\KIRANT~1\AppData\Local\Temp\s910.obj
                end_init                              0        0        1        0       0
                config                             2007     2007        1     400E       0
dist/default/production\new628a.X.production.obj
                cinit                               7F8      7F8        8      FF0       0
                text5                               7C7      7C7       28      F00       0
                text4                               517      517       23      A2E       0
                text3                               512      512        5      A24       0
                text2                               780      780       47      F00       0
                text1                               56D      56D       93      ADA       0
                maintext                            53A      53A       33      A74       0
                cstackBANK0                          20       20        C       20       1
                cstackCOMMON                         70       70        E       70       1
                clrtext                             7EF      7EF        8      F00       0
                bssBANK1                             A0       A0       48       A0       1
                bssBANK0                             2C       2C        1       20       1
                stringtext                          600      600      180        C       0

TOTAL           Name                               Link     Load   Length     Space
        CLASS   STACK          

        CLASS   CONST          

        CLASS   CODE           
                end_init                              0        0        1         0
                cinit                               7F8      7F8        8         0
                text5                               7C7      7C7       28         0
                text4                               517      517       23         0
                text3                               512      512        5         0
                text2                               780      780       47         0
                text1                               56D      56D       93         0
                maintext                            53A      53A       33         0
                clrtext                             7EF      7EF        8         0

        CLASS   STRCODE        
                stringtext                          600      600      180         0

        CLASS   ENTRY          

        CLASS   STRING         

        CLASS   COMMON         
                cstackCOMMON                         70       70        E         1

        CLASS   BANK0          
                cstackBANK0                          20       20        C         1
                bssBANK0                             2C       2C        1         1

        CLASS   BANK1          
                bssBANK1                             A0       A0       48         1

        CLASS   BANK2          

        CLASS   RAM            

        CLASS   ABS1           
                abs_s1                               7E       7E        2         1

        CLASS   SFR0           

        CLASS   SFR1           

        CLASS   SFR2           

        CLASS   SFR3           

        CLASS   CONFIG         
                config                             2007     2007        1         0

        CLASS   IDLOC          

        CLASS   EEDATA         

        CLASS   BANK3          



SEGMENTS        Name                           Load    Length   Top    Selector   Space  Class     Delta

                reset_vec                      000000  000001  000001         0       0  CODE        2
                cstackBANK0                    000020  00000D  00002D        20       1  BANK0       1
                cstackCOMMON                   000070  00000E  00007E        70       1  COMMON      1
                bssBANK1                       0000A0  000048  0000E8        A0       1  BANK1       1
                text3                          000512  000005  000517       A24       0  CODE        2
                text4                          000517  000023  00053A       A2E       0  CODE        2
                maintext                       00053A  000033  00056D       A74       0  CODE        2
                text1                          00056D  000093  000600       ADA       0  CODE        2
                stringtext                     000600  000180  000780         C       0  STRCODE     2
                text2                          000780  000077  0007F7       F00       0  CODE        2
                cinit                          0007F8  000008  000800       FF0       0  CODE        2
                config                         002007  000001  002008      400E       0  CONFIG      2


UNUSED ADDRESS RANGES

        Name                Unused          Largest block    Delta
        BANK0            002D-006F             43           1
        BANK1            00E8-00EF              8           1
        BANK2            0120-014F             30           1
        CODE             0001-0511            511           2
                         07F7-07F7              1
        CONST            0001-0511            100           2
                         07F7-07F7              1
        EEDATA           2100-217F             80           2
        ENTRY            0001-0511            100           2
                         07F7-07F7              1
        IDLOC            2000-2003              4           2
        RAM              002D-006F             43           1
                         00E8-00EF              8
                         0120-014F             30
        SFR0             0000-001F             20           1
        SFR1             0080-009F             20           1
        SFR2             0100-011F             20           1
        SFR3             0180-01EF             70           1
        STACK            002D-006F             43           1
        STRCODE          0001-0511            511           2
                         07F7-07F7              1
        STRING           0001-0511            100           2
                         07F7-07F7              1

                                  Symbol Table

?___wmul                 cstackCOMMON 0071
_CMCON                   (abs)        001F
_PORTB                   (abs)        0006
_RA1                     (abs)        0029
_TRISA1                  (abs)        0429
_TRISB                   (abs)        0086
__CFG_BOREN$OFF          (abs)        0000
__CFG_CP$OFF             (abs)        0000
__CFG_CPD$OFF            (abs)        0000
__CFG_FOSC$INTOSCCLK     (abs)        0000
__CFG_LVP$OFF            (abs)        0000
__CFG_MCLRE$OFF          (abs)        0000
__CFG_PWRTE$OFF          (abs)        0000
__CFG_WDTE$OFF           (abs)        0000
__Habs1                  abs1         0000
__Hbank0                 bank0        0000
__Hbank1                 bank1        0000
__Hbank2                 bank2        0000
__Hbank3                 bank3        0000
__HbssBANK0              bssBANK0     0000
__HbssBANK1              bssBANK1     0000
__Hcinit                 cinit        0800
__Hclrtext               clrtext      0000
__Hcode                  code         0000
__Hcommon                common       0000
__Hconfig                config       2008
__HcstackBANK0           cstackBANK0  0000
__HcstackCOMMON          cstackCOMMON 0000
__Heeprom_data           eeprom_data  0000
__Hend_init              end_init     0001
__Hfunctab               functab      0000
__Hidloc                 idloc        0000
__Hinit                  init         0000
__Hintentry              intentry     0000
__Hmaintext              maintext     0000
__Hpowerup               powerup      0000
__Hram                   ram          0000
__Hreset_vec             reset_vec    0000
__Hsfr0                  sfr0         0000
__Hsfr1                  sfr1         0000
__Hsfr2                  sfr2         0000
__Hsfr3                  sfr3         0000
__Hspace_0               (abs)        2008
__Hspace_1               (abs)        00E8
__Hspace_2               (abs)        0000
__Hspace_3               (abs)        0000
__Hstack                 stack        0000
__Hstrings               strings      0000
__Hstringtext            stringtext   0000
__Htext                  text         0000
__Labs1                  abs1         0000
__Lbank0                 bank0        0000
__Lbank1                 bank1        0000
__Lbank2                 bank2        0000
__Lbank3                 bank3        0000
__LbssBANK0              bssBANK0     0000
__LbssBANK1              bssBANK1     0000
__Lcinit                 cinit        07F8
__Lclrtext               clrtext      0000
__Lcode                  code         0000
__Lcommon                common       0000
__Lconfig                config       2007
__LcstackBANK0           cstackBANK0  0000
__LcstackCOMMON          cstackCOMMON 0000
__Leeprom_data           eeprom_data  0000
__Lend_init              end_init     0000
__Lfunctab               functab      0000
__Lidloc                 idloc        0000
__Linit                  init         0000
__Lintentry              intentry     0000
__Lmaintext              maintext     0000
__Lpowerup               powerup      0000
__Lram                   ram          0000
__Lreset_vec             reset_vec    0000
__Lsfr0                  sfr0         0000
__Lsfr1                  sfr1         0000
__Lsfr2                  sfr2         0000
__Lsfr3                  sfr3         0000
__Lspace_0               (abs)        0000
__Lspace_1               (abs)        0000
__Lspace_2               (abs)        0000
__Lspace_3               (abs)        0000
__Lstack                 stack        0000
__Lstrings               strings      0000
__Lstringtext            stringtext   0000
__Ltext                  text         0000
__S0                     (abs)        2008
__S1                     (abs)        00E8
__S2                     (abs)        0000
__S3                     (abs)        0000
___int_sp                stack        0000
___latbits               (abs)        0000
___sp                    stack        0000
___wmul                  text4        0517
___wmul@multiplicand     cstackCOMMON 0073
___wmul@multiplier       cstackCOMMON 0071
___wmul@product          cstackCOMMON 0075
__end_of___wmul          text4        053A
__end_of__initialization cinit        07FE
__end_of__stringtab      stringtext   0612
__end_of_ascii2font      text3        0517
__end_of_display_length  stringtext   0780
__end_of_main            maintext     056D
__end_of_matrixFont      stringtext   0774
__end_of_message         stringtext   077F
__end_of_run             text5        07EF
__end_of_setUpBuffer     text1        0600
__end_of_spread          text2        07C7
__initialization         cinit        07F8
__pbssBANK0              bssBANK0     002C
__pbssBANK1              bssBANK1     00A0
__pcstackBANK0           cstackBANK0  0020
__pcstackCOMMON          cstackCOMMON 0070
__pmaintext              maintext     053A
__pstringtext            stringtext   0600
__ptext1                 text1        056D
__ptext2                 text2        0780
__ptext3                 text3        0512
__ptext4                 text4        0517
__ptext5                 text5        07C7
__size_of___wmul         (abs)        0000
__size_of_ascii2font     (abs)        0000
__size_of_main           (abs)        0000
__size_of_run            (abs)        0000
__size_of_setUpBuffer    (abs)        0000
__size_of_spread         (abs)        0000
__stringbase             stringtext   0612
__stringtab              stringtext   0600
_ascii2font              text3        0512
_buffer_length           bssBANK0     002C
_display_buffer          bssBANK1     00A0
_display_length          stringtext   077F
_main                    maintext     053A
_matrixFont              stringtext   0612
_message                 stringtext   0774
_run                     text5        07C7
_setUpBuffer             text1        056D
_spread                  text2        0780
ascii2font@ascii         cstackCOMMON 0070
btemp                    (abs)        007E
clear_ram0               clrtext      07EF
end_of_initialization    cinit        07FE
intlevel0                functab      0000
intlevel1                functab      0000
intlevel2                functab      0000
intlevel3                functab      0000
intlevel4                functab      0000
intlevel5                functab      0000
ltemp                    (abs)        007E
ltemp0                   (abs)        007E
ltemp1                   (abs)        0082
ltemp2                   (abs)        0086
ltemp3                   (abs)        0080
main@last_sensor         cstackBANK0  002A
main@sensor              cstackBANK0  002B
reset_vec                reset_vec    0000
run@i                    cstackCOMMON 0071
setUpBuffer@currentChar  cstackBANK0  0022
setUpBuffer@j            cstackBANK0  0020
spread@b                 cstackCOMMON 0074
stackhi                  (abs)        0000
stacklo                  (abs)        0000
start                    init         0000
start_initialization     cinit        07F8
ttemp                    (abs)        007E
ttemp0                   (abs)        007E
ttemp1                   (abs)        0081
ttemp2                   (abs)        0084
ttemp3                   (abs)        0087
ttemp4                   (abs)        007F
wtemp                    (abs)        007E
wtemp0                   (abs)        007E
wtemp1                   (abs)        0080
wtemp2                   (abs)        0082
wtemp3                   (abs)        0084
wtemp4                   (abs)        0086
wtemp5                   (abs)        0088
wtemp6                   (abs)        007F


FUNCTION INFORMATION:

 *************** function _main *****************
 Defined at:
		line 41 in file "main.c"
 Parameters:    Size  Location     Type
  argc            2    4[BANK0 ] int 
  argv            2    6[BANK0 ] PTR PTR unsigned char 
 Auto vars:     Size  Location     Type
  sensor          1   11[BANK0 ] unsigned char 
  last_sensor     1   10[BANK0 ] unsigned char 
 Return value:  Size  Location     Type
                  2    4[BANK0 ] int 
 Registers used:
		wreg, fsr0l, fsr0h, status,2, status,0, btemp+1, pclath, cstack
 Tracked objects:
		On entry : 
		On exit  : 
		Unchanged: 
 Data sizes:     COMMON   BANK0   BANK1   BANK2
      Params:         0       4       0       0
      Locals:         0       2       0       0
      Temps:          0       2       0       0
      Totals:         0       8       0       0
Total ram usage:        8 bytes
 Hardware stack levels required when called:    2
 This function calls:
		_run
		_setUpBuffer
 This function is called by:
		Startup code after reset
 This function uses a non-reentrant model


 *************** function _setUpBuffer *****************
 Defined at:
		line 71 in file "main.c"
 Parameters:    Size  Location     Type
		None
 Auto vars:     Size  Location     Type
  currentChar     2    2[BANK0 ] int 
  j               2    0[BANK0 ] int 
 Return value:  Size  Location     Type
		None               void
 Registers used:
		wreg, fsr0l, fsr0h, status,2, status,0, btemp+1, pclath, cstack
 Tracked objects:
		On entry : 
		On exit  : 
		Unchanged: 
 Data sizes:     COMMON   BANK0   BANK1   BANK2
      Params:         0       0       0       0
      Locals:         0       4       0       0
      Temps:          7       0       0       0
      Totals:         7       4       0       0
Total ram usage:       11 bytes
 Hardware stack levels used:    1
 Hardware stack levels required when called:    1
 This function calls:
		___wmul
		_ascii2font
		_spread
 This function is called by:
		_main
 This function uses a non-reentrant model


 *************** function _spread *****************
 Defined at:
		line 87 in file "main.c"
 Parameters:    Size  Location     Type
  b               1    wreg     unsigned char 
 Auto vars:     Size  Location     Type
  b               1    4[COMMON] unsigned char 
 Return value:  Size  Location     Type
                  1    wreg      unsigned char 
 Registers used:
		wreg, status,2, status,0
 Tracked objects:
		On entry : 
		On exit  : 
		Unchanged: 
 Data sizes:     COMMON   BANK0   BANK1   BANK2
      Params:         0       0       0       0
      Locals:         1       0       0       0
      Temps:          4       0       0       0
      Totals:         5       0       0       0
Total ram usage:        5 bytes
 Hardware stack levels used:    1
 This function calls:
		Nothing
 This function is called by:
		_setUpBuffer
 This function uses a non-reentrant model


 *************** function _ascii2font *****************
 Defined at:
		line 83 in file "main.c"
 Parameters:    Size  Location     Type
  ascii           1    wreg     unsigned char 
 Auto vars:     Size  Location     Type
  ascii           1    0[COMMON] unsigned char 
 Return value:  Size  Location     Type
                  1    wreg      unsigned char 
 Registers used:
		wreg, status,2, status,0
 Tracked objects:
		On entry : 
		On exit  : 
		Unchanged: 
 Data sizes:     COMMON   BANK0   BANK1   BANK2
      Params:         0       0       0       0
      Locals:         1       0       0       0
      Temps:          0       0       0       0
      Totals:         1       0       0       0
Total ram usage:        1 bytes
 Hardware stack levels used:    1
 This function calls:
		Nothing
 This function is called by:
		_setUpBuffer
 This function uses a non-reentrant model


 *************** function ___wmul *****************
 Defined at:
		line 15 in file "C:\Program Files (x86)\Microchip\xc8\v1.32\sources\common\Umul16.c"
 Parameters:    Size  Location     Type
  multiplier      2    1[COMMON] unsigned int 
  multiplicand    2    3[COMMON] unsigned int 
 Auto vars:     Size  Location     Type
  product         2    5[COMMON] unsigned int 
 Return value:  Size  Location     Type
                  2    1[COMMON] unsigned int 
 Registers used:
		wreg, status,2, status,0
 Tracked objects:
		On entry : 
		On exit  : 
		Unchanged: 
 Data sizes:     COMMON   BANK0   BANK1   BANK2
      Params:         4       0       0       0
      Locals:         2       0       0       0
      Temps:          0       0       0       0
      Totals:         6       0       0       0
Total ram usage:        6 bytes
 Hardware stack levels used:    1
 This function calls:
		Nothing
 This function is called by:
		_setUpBuffer
 This function uses a non-reentrant model


 *************** function _run *****************
 Defined at:
		line 95 in file "main.c"
 Parameters:    Size  Location     Type
		None
 Auto vars:     Size  Location     Type
  i               2    1[COMMON] int 
 Return value:  Size  Location     Type
		None               void
 Registers used:
		wreg, fsr0l, fsr0h, status,2, status,0
 Tracked objects:
		On entry : 
		On exit  : 
		Unchanged: 
 Data sizes:     COMMON   BANK0   BANK1   BANK2
      Params:         0       0       0       0
      Locals:         2       0       0       0
      Temps:          1       0       0       0
      Totals:         3       0       0       0
Total ram usage:        3 bytes
 Hardware stack levels used:    1
 This function calls:
		Nothing
 This function is called by:
		_main
 This function uses a non-reentrant model



MODULE INFORMATION

Module		Function		Class		Link	Load	Size
C:\Program Files (x86)\Microchip\xc8\v1.32\sources\common\Umul16.c
		___wmul        		CODE           	0517	0000	35

C:\Program Files (x86)\Microchip\xc8\v1.32\sources\common\Umul16.c estimated size: 35

shared
		__stringtab    		STRCODE        	0600	0000	18
		_display_length		STRCODE        	077F	0000	1
		__initializatio		CODE           	07F8	0000	6
		_matrixFont    		STRCODE        	0612	0000	354
		_message       		STRCODE        	0774	0000	11

shared estimated size: 390

main.c
		_setUpBuffer   		CODE           	056D	0000	147
		_main          		CODE           	053A	0000	51
		_ascii2font    		CODE           	0512	0000	5
		_spread        		CODE           	0780	0000	71
		_run           		CODE           	07C7	0000	40

main.c estimated size: 314

